  AnimatedAndMovableObj.cpp
  Background.cpp
C:\Users\DELL\Documents\TvT\UIT\SE102.L21\Project\Github\Mr.Gimmick\Mr.Gimmick\Mr.Gimmick\Yumetaro.h(26,13): warning C4305: 'argument': truncation from 'double' to 'float'
C:\Users\DELL\Documents\TvT\UIT\SE102.L21\Project\Github\Mr.Gimmick\Mr.Gimmick\Mr.Gimmick\Background.cpp(91,13): warning C4244: 'initializing': conversion from 'float' to 'int', possible loss of data
C:\Users\DELL\Documents\TvT\UIT\SE102.L21\Project\Github\Mr.Gimmick\Mr.Gimmick\Mr.Gimmick\Background.cpp(93,14): warning C4244: 'initializing': conversion from 'float' to 'int', possible loss of data
C:\Users\DELL\Documents\TvT\UIT\SE102.L21\Project\Github\Mr.Gimmick\Mr.Gimmick\Mr.Gimmick\Background.cpp(216,42): warning C4101: 'size': unreferenced local variable
  Bosses.cpp
  Camera.cpp
C:\Users\DELL\Documents\TvT\UIT\SE102.L21\Project\Github\Mr.Gimmick\Mr.Gimmick\Mr.Gimmick\Yumetaro.h(26,13): warning C4305: 'argument': truncation from 'double' to 'float'
  Enemies.cpp
C:\Users\DELL\Documents\TvT\UIT\SE102.L21\Project\Github\Mr.Gimmick\Mr.Gimmick\Mr.Gimmick\Enemies.h(15,12): warning C4305: 'argument': truncation from 'double' to 'float'
  Game.cpp
C:\Users\DELL\Documents\TvT\UIT\SE102.L21\Project\Github\Mr.Gimmick\Mr.Gimmick\Mr.Gimmick\Yumetaro.h(26,13): warning C4305: 'argument': truncation from 'double' to 'float'
  C:\Program Files (x86)\Windows Kits\10\Include\10.0.18362.0\um\dinput.h: DIRECTINPUT_VERSION undefined. Defaulting to version 0x0800
C:\Users\DELL\Documents\TvT\UIT\SE102.L21\Project\Github\Mr.Gimmick\Mr.Gimmick\Mr.Gimmick\Enemies.h(15,12): warning C4305: 'argument': truncation from 'double' to 'float'
C:\Users\DELL\Documents\TvT\UIT\SE102.L21\Project\Github\Mr.Gimmick\Mr.Gimmick\Mr.Gimmick\PassiveCreatures.h(15,21): warning C4305: 'argument': truncation from 'double' to 'float'
C:\Users\DELL\Documents\TvT\UIT\SE102.L21\Project\Github\Mr.Gimmick\Mr.Gimmick\Mr.Gimmick\Game.cpp(126,86): warning C4305: 'argument': truncation from 'double' to 'float'
C:\Users\DELL\Documents\TvT\UIT\SE102.L21\Project\Github\Mr.Gimmick\Mr.Gimmick\Mr.Gimmick\Game.cpp(127,87): warning C4305: 'argument': truncation from 'double' to 'float'
C:\Users\DELL\Documents\TvT\UIT\SE102.L21\Project\Github\Mr.Gimmick\Mr.Gimmick\Mr.Gimmick\Game.cpp(134,65): warning C4244: 'argument': conversion from 'int' to 'float', possible loss of data
C:\Users\DELL\Documents\TvT\UIT\SE102.L21\Project\Github\Mr.Gimmick\Mr.Gimmick\Mr.Gimmick\Game.cpp(139,65): warning C4244: 'argument': conversion from 'int' to 'float', possible loss of data
C:\Users\DELL\Documents\TvT\UIT\SE102.L21\Project\Github\Mr.Gimmick\Mr.Gimmick\Mr.Gimmick\Game.cpp(145,65): warning C4244: 'argument': conversion from 'int' to 'float', possible loss of data
C:\Users\DELL\Documents\TvT\UIT\SE102.L21\Project\Github\Mr.Gimmick\Mr.Gimmick\Mr.Gimmick\Game.cpp(291,57): warning C4244: 'argument': conversion from 'int' to 'float', possible loss of data
C:\Users\DELL\Documents\TvT\UIT\SE102.L21\Project\Github\Mr.Gimmick\Mr.Gimmick\Mr.Gimmick\Game.cpp(291,42): warning C4244: 'argument': conversion from 'int' to 'float', possible loss of data
C:\Users\DELL\Documents\TvT\UIT\SE102.L21\Project\Github\Mr.Gimmick\Mr.Gimmick\Mr.Gimmick\Game.cpp(292,64): warning C4244: 'argument': conversion from 'int' to 'float', possible loss of data
C:\Users\DELL\Documents\TvT\UIT\SE102.L21\Project\Github\Mr.Gimmick\Mr.Gimmick\Mr.Gimmick\Game.cpp(292,44): warning C4244: 'argument': conversion from 'int' to 'float', possible loss of data
C:\Users\DELL\Documents\TvT\UIT\SE102.L21\Project\Github\Mr.Gimmick\Mr.Gimmick\Mr.Gimmick\Game.cpp(298,62): warning C4244: 'argument': conversion from 'int' to 'float', possible loss of data
C:\Users\DELL\Documents\TvT\UIT\SE102.L21\Project\Github\Mr.Gimmick\Mr.Gimmick\Mr.Gimmick\Game.cpp(298,42): warning C4244: 'argument': conversion from 'int' to 'float', possible loss of data
C:\Users\DELL\Documents\TvT\UIT\SE102.L21\Project\Github\Mr.Gimmick\Mr.Gimmick\Mr.Gimmick\Game.cpp(299,78): warning C4244: 'argument': conversion from 'int' to 'float', possible loss of data
C:\Users\DELL\Documents\TvT\UIT\SE102.L21\Project\Github\Mr.Gimmick\Mr.Gimmick\Mr.Gimmick\Game.cpp(299,44): warning C4244: 'argument': conversion from 'int' to 'float', possible loss of data
C:\Users\DELL\Documents\TvT\UIT\SE102.L21\Project\Github\Mr.Gimmick\Mr.Gimmick\Mr.Gimmick\Game.cpp(306,51): warning C4244: 'argument': conversion from 'int' to 'float', possible loss of data
C:\Users\DELL\Documents\TvT\UIT\SE102.L21\Project\Github\Mr.Gimmick\Mr.Gimmick\Mr.Gimmick\Game.cpp(307,62): warning C4244: 'argument': conversion from 'int' to 'float', possible loss of data
C:\Users\DELL\Documents\TvT\UIT\SE102.L21\Project\Github\Mr.Gimmick\Mr.Gimmick\Mr.Gimmick\Game.cpp(307,42): warning C4244: 'argument': conversion from 'int' to 'float', possible loss of data
C:\Users\DELL\Documents\TvT\UIT\SE102.L21\Project\Github\Mr.Gimmick\Mr.Gimmick\Mr.Gimmick\Game.cpp(308,82): warning C4244: 'argument': conversion from 'int' to 'float', possible loss of data
C:\Users\DELL\Documents\TvT\UIT\SE102.L21\Project\Github\Mr.Gimmick\Mr.Gimmick\Mr.Gimmick\Game.cpp(308,44): warning C4244: 'argument': conversion from 'int' to 'float', possible loss of data
C:\Users\DELL\Documents\TvT\UIT\SE102.L21\Project\Github\Mr.Gimmick\Mr.Gimmick\Mr.Gimmick\Game.cpp(314,51): warning C4244: 'argument': conversion from 'int' to 'float', possible loss of data
C:\Users\DELL\Documents\TvT\UIT\SE102.L21\Project\Github\Mr.Gimmick\Mr.Gimmick\Mr.Gimmick\Game.cpp(315,62): warning C4244: 'argument': conversion from 'int' to 'float', possible loss of data
C:\Users\DELL\Documents\TvT\UIT\SE102.L21\Project\Github\Mr.Gimmick\Mr.Gimmick\Mr.Gimmick\Game.cpp(315,42): warning C4244: 'argument': conversion from 'int' to 'float', possible loss of data
C:\Users\DELL\Documents\TvT\UIT\SE102.L21\Project\Github\Mr.Gimmick\Mr.Gimmick\Mr.Gimmick\Game.cpp(316,86): warning C4244: 'argument': conversion from 'int' to 'float', possible loss of data
C:\Users\DELL\Documents\TvT\UIT\SE102.L21\Project\Github\Mr.Gimmick\Mr.Gimmick\Mr.Gimmick\Game.cpp(316,49): warning C4244: 'argument': conversion from 'int' to 'float', possible loss of data
C:\Users\DELL\Documents\TvT\UIT\SE102.L21\Project\Github\Mr.Gimmick\Mr.Gimmick\Mr.Gimmick\Game.cpp(322,51): warning C4244: 'argument': conversion from 'int' to 'float', possible loss of data
C:\Users\DELL\Documents\TvT\UIT\SE102.L21\Project\Github\Mr.Gimmick\Mr.Gimmick\Mr.Gimmick\Game.cpp(331,51): warning C4244: 'argument': conversion from 'int' to 'float', possible loss of data
C:\Users\DELL\Documents\TvT\UIT\SE102.L21\Project\Github\Mr.Gimmick\Mr.Gimmick\Mr.Gimmick\Game.cpp(352,59): warning C4244: 'argument': conversion from 'int' to 'float', possible loss of data
C:\Users\DELL\Documents\TvT\UIT\SE102.L21\Project\Github\Mr.Gimmick\Mr.Gimmick\Mr.Gimmick\Game.cpp(352,53): warning C4244: 'argument': conversion from 'int' to 'float', possible loss of data
C:\Users\DELL\Documents\TvT\UIT\SE102.L21\Project\Github\Mr.Gimmick\Mr.Gimmick\Mr.Gimmick\Game.cpp(354,60): warning C4244: 'argument': conversion from 'int' to 'float', possible loss of data
C:\Users\DELL\Documents\TvT\UIT\SE102.L21\Project\Github\Mr.Gimmick\Mr.Gimmick\Mr.Gimmick\Game.cpp(354,55): warning C4244: 'argument': conversion from 'int' to 'float', possible loss of data
C:\Users\DELL\Documents\TvT\UIT\SE102.L21\Project\Github\Mr.Gimmick\Mr.Gimmick\Mr.Gimmick\Game.cpp(355,51): warning C4244: 'argument': conversion from 'int' to 'float', possible loss of data
C:\Users\DELL\Documents\TvT\UIT\SE102.L21\Project\Github\Mr.Gimmick\Mr.Gimmick\Mr.Gimmick\Game.cpp(361,57): warning C4244: 'argument': conversion from 'int' to 'float', possible loss of data
C:\Users\DELL\Documents\TvT\UIT\SE102.L21\Project\Github\Mr.Gimmick\Mr.Gimmick\Mr.Gimmick\Game.cpp(361,42): warning C4244: 'argument': conversion from 'int' to 'float', possible loss of data
C:\Users\DELL\Documents\TvT\UIT\SE102.L21\Project\Github\Mr.Gimmick\Mr.Gimmick\Mr.Gimmick\Game.cpp(362,64): warning C4244: 'argument': conversion from 'int' to 'float', possible loss of data
C:\Users\DELL\Documents\TvT\UIT\SE102.L21\Project\Github\Mr.Gimmick\Mr.Gimmick\Mr.Gimmick\Game.cpp(362,44): warning C4244: 'argument': conversion from 'int' to 'float', possible loss of data
C:\Users\DELL\Documents\TvT\UIT\SE102.L21\Project\Github\Mr.Gimmick\Mr.Gimmick\Mr.Gimmick\Game.cpp(363,51): warning C4244: 'argument': conversion from 'int' to 'float', possible loss of data
  PassiveCreatures.cpp
C:\Users\DELL\Documents\TvT\UIT\SE102.L21\Project\Github\Mr.Gimmick\Mr.Gimmick\Mr.Gimmick\PassiveCreatures.h(15,21): warning C4305: 'argument': truncation from 'double' to 'float'
  PlayableObj.cpp
  Quadtree.cpp
C:\Users\DELL\Documents\TvT\UIT\SE102.L21\Project\Github\Mr.Gimmick\Mr.Gimmick\Mr.Gimmick\Yumetaro.h(26,13): warning C4305: 'argument': truncation from 'double' to 'float'
C:\Users\DELL\Documents\TvT\UIT\SE102.L21\Project\Github\Mr.Gimmick\Mr.Gimmick\Mr.Gimmick\Quadtree.cpp(73,47): warning C4244: 'argument': conversion from 'float' to 'const int', possible loss of data
C:\Users\DELL\Documents\TvT\UIT\SE102.L21\Project\Github\Mr.Gimmick\Mr.Gimmick\Mr.Gimmick\Quadtree.cpp(77,55): warning C4244: 'argument': conversion from 'float' to 'int', possible loss of data
  Scene.cpp
  C:\Program Files (x86)\Windows Kits\10\Include\10.0.18362.0\um\dinput.h: DIRECTINPUT_VERSION undefined. Defaulting to version 0x0800
C:\Users\DELL\Documents\TvT\UIT\SE102.L21\Project\Github\Mr.Gimmick\Mr.Gimmick\Mr.Gimmick\Yumetaro.h(26,13): warning C4305: 'argument': truncation from 'double' to 'float'
C:\Users\DELL\Documents\TvT\UIT\SE102.L21\Project\Github\Mr.Gimmick\Mr.Gimmick\Mr.Gimmick\Scene.cpp(11,11): warning C4244: '=': conversion from 'float' to 'LONG', possible loss of data
C:\Users\DELL\Documents\TvT\UIT\SE102.L21\Project\Github\Mr.Gimmick\Mr.Gimmick\Mr.Gimmick\Scene.cpp(12,10): warning C4244: '=': conversion from 'float' to 'LONG', possible loss of data
C:\Users\DELL\Documents\TvT\UIT\SE102.L21\Project\Github\Mr.Gimmick\Mr.Gimmick\Mr.Gimmick\Scene.cpp(13,12): warning C4244: '=': conversion from 'float' to 'LONG', possible loss of data
C:\Users\DELL\Documents\TvT\UIT\SE102.L21\Project\Github\Mr.Gimmick\Mr.Gimmick\Mr.Gimmick\Scene.cpp(14,13): warning C4244: '=': conversion from 'float' to 'LONG', possible loss of data
  SceneIntro.cpp
  C:\Program Files (x86)\Windows Kits\10\Include\10.0.18362.0\um\dinput.h: DIRECTINPUT_VERSION undefined. Defaulting to version 0x0800
C:\Users\DELL\Documents\TvT\UIT\SE102.L21\Project\Github\Mr.Gimmick\Mr.Gimmick\Mr.Gimmick\Yumetaro.h(26,13): warning C4305: 'argument': truncation from 'double' to 'float'
C:\Users\DELL\Documents\TvT\UIT\SE102.L21\Project\Github\Mr.Gimmick\Mr.Gimmick\Mr.Gimmick\SceneIntro.cpp(45,105): warning C4244: 'argument': conversion from 'int' to 'float', possible loss of data
C:\Users\DELL\Documents\TvT\UIT\SE102.L21\Project\Github\Mr.Gimmick\Mr.Gimmick\Mr.Gimmick\SceneIntro.cpp(45,79): warning C4244: 'argument': conversion from 'int' to 'float', possible loss of data
  SceneManager.cpp
C:\Users\DELL\Documents\TvT\UIT\SE102.L21\Project\Github\Mr.Gimmick\Mr.Gimmick\Mr.Gimmick\Yumetaro.h(26,13): warning C4305: 'argument': truncation from 'double' to 'float'
  C:\Program Files (x86)\Windows Kits\10\Include\10.0.18362.0\um\dinput.h: DIRECTINPUT_VERSION undefined. Defaulting to version 0x0800
C:\Users\DELL\Documents\TvT\UIT\SE102.L21\Project\Github\Mr.Gimmick\Mr.Gimmick\Mr.Gimmick\Enemies.h(15,12): warning C4305: 'argument': truncation from 'double' to 'float'
C:\Users\DELL\Documents\TvT\UIT\SE102.L21\Project\Github\Mr.Gimmick\Mr.Gimmick\Mr.Gimmick\PassiveCreatures.h(15,21): warning C4305: 'argument': truncation from 'double' to 'float'
C:\Users\DELL\Documents\TvT\UIT\SE102.L21\Project\Github\Mr.Gimmick\Mr.Gimmick\Mr.Gimmick\Scene.h(15,1): warning C4005: 'SCREEN_WIDTH': macro redefinition
C:\Users\DELL\Documents\TvT\UIT\SE102.L21\Project\Github\Mr.Gimmick\Mr.Gimmick\Mr.Gimmick\Game.h(31): message : see previous definition of 'SCREEN_WIDTH'
C:\Users\DELL\Documents\TvT\UIT\SE102.L21\Project\Github\Mr.Gimmick\Mr.Gimmick\Mr.Gimmick\Scene.h(16,1): warning C4005: 'SCREEN_HEIGHT': macro redefinition
C:\Users\DELL\Documents\TvT\UIT\SE102.L21\Project\Github\Mr.Gimmick\Mr.Gimmick\Mr.Gimmick\Game.h(32): message : see previous definition of 'SCREEN_HEIGHT'
C:\Users\DELL\Documents\TvT\UIT\SE102.L21\Project\Github\Mr.Gimmick\Mr.Gimmick\Mr.Gimmick\SceneManager.cpp(20,6): warning C4101: 'msg': unreferenced local variable
  SceneMap.cpp
  C:\Program Files (x86)\Windows Kits\10\Include\10.0.18362.0\um\dinput.h: DIRECTINPUT_VERSION undefined. Defaulting to version 0x0800
C:\Users\DELL\Documents\TvT\UIT\SE102.L21\Project\Github\Mr.Gimmick\Mr.Gimmick\Mr.Gimmick\Yumetaro.h(26,13): warning C4305: 'argument': truncation from 'double' to 'float'
C:\Users\DELL\Documents\TvT\UIT\SE102.L21\Project\Github\Mr.Gimmick\Mr.Gimmick\Mr.Gimmick\SceneMap.cpp(19,40): warning C4244: '=': conversion from 'int' to 'float', possible loss of data
C:\Users\DELL\Documents\TvT\UIT\SE102.L21\Project\Github\Mr.Gimmick\Mr.Gimmick\Mr.Gimmick\SceneMap.cpp(20,33): warning C4244: '=': conversion from 'int' to 'float', possible loss of data
C:\Users\DELL\Documents\TvT\UIT\SE102.L21\Project\Github\Mr.Gimmick\Mr.Gimmick\Mr.Gimmick\SceneMap.cpp(44,42): warning C4244: '=': conversion from 'int' to 'float', possible loss of data
C:\Users\DELL\Documents\TvT\UIT\SE102.L21\Project\Github\Mr.Gimmick\Mr.Gimmick\Mr.Gimmick\SceneMap.cpp(63,99): warning C4244: 'argument': conversion from 'int' to 'float', possible loss of data
C:\Users\DELL\Documents\TvT\UIT\SE102.L21\Project\Github\Mr.Gimmick\Mr.Gimmick\Mr.Gimmick\SceneMap.cpp(63,75): warning C4244: 'argument': conversion from 'int' to 'float', possible loss of data
  ScenePlay.cpp
  C:\Program Files (x86)\Windows Kits\10\Include\10.0.18362.0\um\dinput.h: DIRECTINPUT_VERSION undefined. Defaulting to version 0x0800
C:\Users\DELL\Documents\TvT\UIT\SE102.L21\Project\Github\Mr.Gimmick\Mr.Gimmick\Mr.Gimmick\Yumetaro.h(26,13): warning C4305: 'argument': truncation from 'double' to 'float'
  SceneStartMenu.cpp
  C:\Program Files (x86)\Windows Kits\10\Include\10.0.18362.0\um\dinput.h: DIRECTINPUT_VERSION undefined. Defaulting to version 0x0800
C:\Users\DELL\Documents\TvT\UIT\SE102.L21\Project\Github\Mr.Gimmick\Mr.Gimmick\Mr.Gimmick\Yumetaro.h(26,13): warning C4305: 'argument': truncation from 'double' to 'float'
  State.cpp
  UnplayableObj.cpp
  WindowHandler.cpp
C:\Users\DELL\Documents\TvT\UIT\SE102.L21\Project\Github\Mr.Gimmick\Mr.Gimmick\Mr.Gimmick\Yumetaro.h(26,13): warning C4305: 'argument': truncation from 'double' to 'float'
  C:\Program Files (x86)\Windows Kits\10\Include\10.0.18362.0\um\dinput.h: DIRECTINPUT_VERSION undefined. Defaulting to version 0x0800
C:\Users\DELL\Documents\TvT\UIT\SE102.L21\Project\Github\Mr.Gimmick\Mr.Gimmick\Mr.Gimmick\Enemies.h(15,12): warning C4305: 'argument': truncation from 'double' to 'float'
C:\Users\DELL\Documents\TvT\UIT\SE102.L21\Project\Github\Mr.Gimmick\Mr.Gimmick\Mr.Gimmick\PassiveCreatures.h(15,21): warning C4305: 'argument': truncation from 'double' to 'float'
C:\Users\DELL\Documents\TvT\UIT\SE102.L21\Project\Github\Mr.Gimmick\Mr.Gimmick\Mr.Gimmick\WindowHandler.cpp(45,1): warning C4244: 'argument': conversion from 'double' to 'int', possible loss of data
  Yumetaro.cpp
C:\Users\DELL\Documents\TvT\UIT\SE102.L21\Project\Github\Mr.Gimmick\Mr.Gimmick\Mr.Gimmick\Yumetaro.h(26,13): warning C4305: 'argument': truncation from 'double' to 'float'
C:\Users\DELL\Documents\TvT\UIT\SE102.L21\Project\Github\Mr.Gimmick\Mr.Gimmick\Mr.Gimmick\Yumetaro.cpp(74,32): warning C4305: 'argument': truncation from 'double' to 'float'
C:\Users\DELL\Documents\TvT\UIT\SE102.L21\Project\Github\Mr.Gimmick\Mr.Gimmick\Mr.Gimmick\Yumetaro.cpp(81,32): warning C4305: 'argument': truncation from 'double' to 'float'
  main.cpp
C:\Users\DELL\Documents\TvT\UIT\SE102.L21\Project\Github\Mr.Gimmick\Mr.Gimmick\Mr.Gimmick\Yumetaro.h(26,13): warning C4305: 'argument': truncation from 'double' to 'float'
  C:\Program Files (x86)\Windows Kits\10\Include\10.0.18362.0\um\dinput.h: DIRECTINPUT_VERSION undefined. Defaulting to version 0x0800
C:\Users\DELL\Documents\TvT\UIT\SE102.L21\Project\Github\Mr.Gimmick\Mr.Gimmick\Mr.Gimmick\Enemies.h(15,12): warning C4305: 'argument': truncation from 'double' to 'float'
C:\Users\DELL\Documents\TvT\UIT\SE102.L21\Project\Github\Mr.Gimmick\Mr.Gimmick\Mr.Gimmick\PassiveCreatures.h(15,21): warning C4305: 'argument': truncation from 'double' to 'float'
  Generating Code...
  Mr.Gimmick.vcxproj -> C:\Users\DELL\Documents\TvT\UIT\SE102.L21\Project\Github\Mr.Gimmick\Mr.Gimmick\Debug\Mr.Gimmick.exe
